../Drivers/Sprites/sprite.c:45:6:Sprite_Init	8	static
../Drivers/Sprites/sprite.c:56:6:Sprite_Player_Init	8	static
../Drivers/Sprites/sprite.c:65:6:Sprite_Player_Move	16	static
../Drivers/Sprites/sprite.c:74:6:Sprite_Player_Draw	16	static
../Drivers/Sprites/sprite.c:81:6:Sprite_Enemy_Init	24	static
../Drivers/Sprites/sprite.c:104:6:Sprite_Enemy_Move	24	static
../Drivers/Sprites/sprite.c:232:6:Sprite_Enemy_Draw	24	static
../Drivers/Sprites/sprite.c:249:6:Sprite_Missle_Draw	24	static
../Drivers/Sprites/sprite.c:274:6:Sprite_Missile_Init	16	static
../Drivers/Sprites/sprite.c:292:6:Sprite_Missle_Move	40	static
../Drivers/Sprites/sprite.c:395:6:Sprite_Player_Missle_Launch	16	static
../Drivers/Sprites/sprite.c:408:5:Sprite_Player_GetNextMissile	16	static
../Drivers/Sprites/sprite.c:418:6:Sprite_Enemy_Missle_Launch	16	static
../Drivers/Sprites/sprite.c:435:5:Sprite_Enemy_GetNextMissile	16	static
../Drivers/Sprites/sprite.c:445:5:Sprite_GetRandomEnemy	24	static
../Drivers/Sprites/sprite.c:468:5:Sprite_Score_EnemyHit	24	static
../Drivers/Sprites/sprite.c:484:5:Sprite_GetNumEnemy	16	static
../Drivers/Sprites/sprite.c:495:6:Sprite_SetPlayerMissileLaunchFlag	8	static
../Drivers/Sprites/sprite.c:500:9:Sprite_GetPlayerMissileLaunchFlag	8	static
../Drivers/Sprites/sprite.c:505:6:Sprite_ClearPlayerMissileLaunchFlag	8	static
../Drivers/Sprites/sprite.c:510:9:check_WIN_GAME	8	static
